[2026-02-19T18:43:21.586Z] 🚀 Starting Payment Flow Test...
[2026-02-19T18:43:21.597Z] 
1️⃣ Creating Order...
[2026-02-19T18:43:22.126Z] ✅ Order Created: {
  "cart_details": null,
  "cf_order_id": "2204668354",
  "created_at": "2026-02-20T00:13:16+05:30",
  "customer_details": {
    "customer_id": "test_user_1771526601598_example_com",
    "customer_name": "Test User",
    "customer_email": "test_user_1771526601598@example.com",
    "customer_phone": "9999999999",
    "customer_uid": null
  },
  "entity": "order",
  "order_amount": 1,
  "order_currency": "INR",
  "order_expiry_time": "2026-03-22T00:13:16+05:30",
  "order_id": "order_1771526601807_glro3g",
  "order_meta": {
    "notify_url": "https://runic-subplexal-gonzalo.ngrok-free.dev/api/membership/webhook",
    "payment_methods": null,
    "payment_methods_filters": null,
    "return_url": "https://runic-subplexal-gonzalo.ngrok-free.dev/?order_id={order_id}"
  },
  "order_note": null,
  "order_splits": [],
  "order_status": "ACTIVE",
  "order_tags": null,
  "payment_session_id": "session_5SRXX6gNQ6I7Al0LLt4i8YyHBM1kFLjsJK3eYfbdj7oJN2At1md58OyO2Cju9gpzonIolf4jr_yGEUe9jJSs7dVg6SDcnoOTTuWC-9jHNUQm0r4wzcOzvlwQAeGEpwpaymentpayment",
  "products": {
    "one_click_checkout": {
      "enabled": false,
      "conditions": []
    },
    "verify_pay": {
      "enabled": false,
      "conditions": []
    }
  },
  "terminal_data": null
}
[2026-02-19T18:43:22.128Z] 
2️⃣ Simulating Webhook for Order: order_1771526601807_glro3g...
[2026-02-19T18:43:22.130Z] Generated Signature: sF6WB3Ve0RyWCeQ58i/iN3G300+QX2h03bcegjEcE/w=
[2026-02-19T18:43:23.519Z] --------------------------------------------------
[2026-02-19T18:43:23.520Z] Webhook Response Status: 200 OK
[2026-02-19T18:43:23.521Z] Webhook Response Body Start:
[2026-02-19T18:43:23.523Z] {"status":"processed"}
[2026-02-19T18:43:23.525Z] Webhook Response Body End
[2026-02-19T18:43:23.526Z] --------------------------------------------------
[2026-02-19T18:43:23.528Z] 
✅ Test Flow Check Complete! Check Supabase to confirm user and payment were saved.
